// Typelizer digest 6d6055ff99fc70aef66e59e124465b4e
//
// DO NOT MODIFY: This file was automatically generated by Typelizer.
import type {AlbaPost} from '@/types'

type AlbaUserEmptyNested = {
  id: number;
  /** Author login handle */
  username: string | null;
  posts?: Array<AlbaPost>;
  avatar: unknown;
  /** Typed avatar URL
   * Active user only */
  typed_avatar: string | null;
}

export default AlbaUserEmptyNested;
