// Typelizer digest 0ac7beef74fefd38c7d3ad485d8f1a73
//
// DO NOT MODIFY: This file was automatically generated by Typelizer.
import type {AlbaUser, AlbaPost} from '@/types'

type AlbaUserSerializerFoo = {
  id: number;
  username: string;
  active: boolean;
  invitor: AlbaUser;
  posts: Array<AlbaPost>;
  latest_post: AlbaPost;
  created_at: string;
}

export default AlbaUserSerializerFoo;
