// Typelizer digest f5275d68218cedacb480ce36d1e6bbe2
//
// DO NOT MODIFY: This file was automatically generated by Typelizer.

type AlbaInline = {
  id: number;
  username: string;
  active: boolean;
  untyped_posts: Array<{
    id: unknown;
    title: unknown;
  }>;
  posts: Array<{
    id: number;
    title: string;
  }>;
  deep_posts: Array<{
    id: number;
    title: string | null;
    user: {
      id: number;
      username: string;
    };
  }>;
}

export default AlbaInline;
