// Typelizer digest 6f3a4cfc73c5faede518b793ba0f25ed
//
// DO NOT MODIFY: This file was automatically generated by Typelizer.

type AlbaVerbatimModuleSyntax = {
  id: number;
  username: string;
}

export type { AlbaVerbatimModuleSyntax };
