// Typelizer digest 526732453f6aca249ef72f2dd8bc1cde
//
// DO NOT MODIFY: This file was automatically generated by Typelizer.

type AlbaMetaData = {
  username: string;
  full_name: string | null;
  address: {city: string, zipcode: string};
}

type AlbaMeta = {
  meta: AlbaMetaData;
  metadata: {foo: 'bar'};
}

export default AlbaMeta;
