// Typelizer digest aa6e6401d09df2e398c69ccd17c99ee5
//
// DO NOT MODIFY: This file was automatically generated by Typelizer.

type AlbaMetaNil = {
  id: number;
}

export default AlbaMetaNil;
