// Typelizer digest 4a7987ac34502a3281b1f42e3f266099
//
// DO NOT MODIFY: This file was automatically generated by Typelizer.

type AlbaPoro = {
  foo: unknown;
  bar: string | null;
}

export default AlbaPoro;
