// Typelizer digest 3ab2e20940a1c4559f44fb582ad7719d
//
// DO NOT MODIFY: This file was automatically generated by Typelizer.
import type {AlbaUser} from '@/types'

type AlbaPost = {
  id: number;
  title?: string | null;
  category?: string | null;
  body?: string | null;
  published_at?: string | null;
  user: AlbaUser;
}

export default AlbaPost;
