// Typelizer digest 5853f063c6c19b98aeeee99e9c29980a
//
// DO NOT MODIFY: This file was automatically generated by Typelizer.
import type {AlbaPost} from '@/types'

type AlbaUserAuthor = {
  id: number;
  // Author login handle
  username: string | null;
  posts?: Array<AlbaPost>;
  avatar: unknown;
  typed_avatar: string | null;
}

export default AlbaUserAuthor;
