// Typelizer digest 480b9d1caeafc717431d31282ba0981c
//
// DO NOT MODIFY: This file was automatically generated by Typelizer.
import type {AlbaPost} from '@/types'

type AlbaUser = {
  id: number;
  username: string;
  active: boolean;
  invitor: AlbaUser;
  posts: Array<AlbaPost>;
  latest_post: AlbaPost;
}

export default AlbaUser;
