// Typelizer digest 38cf3a9940c0128748ccff969ac2d9ac
//
// DO NOT MODIFY: This file was automatically generated by Typelizer.
import type {AmsUser} from '@/types'

type AmsPost = {
  id: number;
  title?: string | null;
  category?: string | null;
  body?: string | null;
  published_at?: string | null;
  user: AmsUser;
}

export default AmsPost;
