// Typelizer digest 8b51f6ff077d5703402168d15790ecb7
//
// DO NOT MODIFY: This file was automatically generated by Typelizer.
import type {AmsPost} from '@/types'

type AmsUserEmptyNested = {
  id: number;
  /** Author login handle */
  username: string | null;
  avatar: unknown;
  typed_avatar: string | null;
  posts?: Array<AmsPost>;
}

export default AmsUserEmptyNested;
