// Typelizer digest 83c10371506a5252b3c5eb44ff747d45
//
// DO NOT MODIFY: This file was automatically generated by Typelizer.
import type {AmsPost} from '@/types'

type AmsUser = {
  id: number;
  username: string;
  active: boolean;
  invitor: AmsUser;
  posts: Array<AmsPost>;
}

export default AmsUser;
