// Typelizer digest c3e52d2a5d6865f2ee8a01c8b8d38dd2
//
// DO NOT MODIFY: This file was automatically generated by Typelizer.
import type {AmsUser, AmsPost} from '@/types'

type AmsUserSerializerFoo = {
  id: number;
  username: string;
  active: boolean;
  created_at: string;
  invitor: AmsUser;
  posts: Array<AmsPost>;
}

export default AmsUserSerializerFoo;
