// Typelizer digest d00424b465021050da1b0cca9388df55
//
// DO NOT MODIFY: This file was automatically generated by Typelizer.
import type {AmsPost} from '@/types'

type AmsUserAuthor = {
  id: number;
  username: string | null;
  avatar: unknown;
  typed_avatar: string | null;
  posts?: Array<AmsPost>;
}

export default AmsUserAuthor;
