// Typelizer digest 92953120c1d10142beb7678b8c7b1cd1
//
// DO NOT MODIFY: This file was automatically generated by Typelizer.

type AmsVerbatimModuleSyntax = {
  id: number;
  username: string;
}

export type { AmsVerbatimModuleSyntax };
