// Typelizer digest 5fc05a8d823c221cd138c49d17ccd54c
//
// DO NOT MODIFY: This file was automatically generated by Typelizer.
import type {OjSerializersUser, OjSerializersPost} from '@/types'

type OjSerializersFlatUser = {
  id: number;
  username: string;
  active: boolean;
  invitor: OjSerializersUser;
  posts: Array<OjSerializersPost>;
}

export default OjSerializersFlatUser;
