// Typelizer digest 7c167935b1871afe3b9e1ab2f0344e15
//
// DO NOT MODIFY: This file was automatically generated by Typelizer.

type OjSerializersVerbatimModuleSyntax = {
  id: number;
  username: string;
}

export type { OjSerializersVerbatimModuleSyntax };
