// Typelizer digest fc111d0651504bd12951008cbc0bfffd
//
// DO NOT MODIFY: This file was automatically generated by Typelizer.
import type {OjSerializersPost} from '@/types'

type OjSerializersUser = {
  id: number;
  username: string;
  active: boolean;
  invitor: OjSerializersUser;
  posts: Array<OjSerializersPost>;
}

export default OjSerializersUser;
