// Typelizer digest 491e0aed7fd3083b542c51fff940bdba
//
// DO NOT MODIFY: This file was automatically generated by Typelizer.
import type {OjSerializersUser} from '@/types'

type OjSerializersPost = {
  id: number;
  title?: string | null;
  category?: "news" | "article" | "blog" | null;
  body?: string | null;
  published_at?: string | null;
  user: OjSerializersUser;
}

export default OjSerializersPost;
