// Typelizer digest c34e6deb0554a1777fb0c41d6dc4a5d2
//
// DO NOT MODIFY: This file was automatically generated by Typelizer.
import type {OjSerializersPost} from '@/types'

type OjSerializersUserEmptyNested = {
  id: number;
  /** Author login handle */
  username: string | null;
  posts?: Array<OjSerializersPost>;
  avatar: unknown;
  typed_avatar: string | null;
}

export default OjSerializersUserEmptyNested;
