// Typelizer digest 6c423801303540bc8b86331341f9a08c
//
// DO NOT MODIFY: This file was automatically generated by Typelizer.
import type {OjSerializersPost} from '@/types'

type OjSerializersUserAuthor = {
  id: number;
  username: string | null;
  posts?: Array<OjSerializersPost>;
  avatar: unknown;
  typed_avatar: string | null;
}

export default OjSerializersUserAuthor;
