// Typelizer digest 220ec4296faaf24a55e668b3ff1cbccd
//
// DO NOT MODIFY: This file was automatically generated by Typelizer.
import type {OjSerializersUser, OjSerializersPost} from '@/types'

type OjSerializersUserSerializerFoo = {
  id: number;
  username: string;
  active: boolean;
  invitor: OjSerializersUser;
  posts: Array<OjSerializersPost>;
  created_at: string;
}

export default OjSerializersUserSerializerFoo;
